

================================================================
== Vitis HLS Report for 'lab2_z1'
================================================================
* Date:           Tue Oct 18 15:48:48 2022

* Version:        2021.2 (Build 3367213 on Tue Oct 19 02:48:09 MDT 2021)
* Project:        lab2_z1
* Solution:       ex_sol4 (Vivado IP Flow Target)
* Product family: artix7
* Target device:  xa7a12t-csg325-1Q


================================================================
== Performance Estimates
================================================================
+ Timing: 
    * Summary: 
    +------+----------+-----------+------------+
    | Clock|  Target  | Estimated | Uncertainty|
    +------+----------+-----------+------------+
    |clk   |  40.00 ns|  10.080 ns|     1.00 ns|
    +------+----------+-----------+------------+

+ Latency: 
    * Summary: 
    +---------+---------+-----------+----------+-----+-----+---------+
    |  Latency (cycles) |  Latency (absolute)  |  Interval | Pipeline|
    |   min   |   max   |    min    |    max   | min | max |   Type  |
    +---------+---------+-----------+----------+-----+-----+---------+
    |        1|       13|  40.000 ns|  0.520 us|    2|   14|       no|
    +---------+---------+-----------+----------+-----+-----+---------+

    + Detail: 
        * Instance: 
        N/A

        * Loop: 
        +------------------+---------+---------+----------+-----------+-----------+--------+----------+
        |                  |  Latency (cycles) | Iteration|  Initiation Interval  |  Trip  |          |
        |     Loop Name    |   min   |   max   |  Latency |  achieved |   target  |  Count | Pipelined|
        +------------------+---------+---------+----------+-----------+-----------+--------+----------+
        |- VITIS_LOOP_6_1  |        0|       12|         1|          -|          -|  0 ~ 12|        no|
        +------------------+---------+---------+----------+-----------+-----------+--------+----------+



================================================================
== Utilization Estimates
================================================================
* Summary: 
+-----------------+---------+----+-------+------+-----+
|       Name      | BRAM_18K| DSP|   FF  |  LUT | URAM|
+-----------------+---------+----+-------+------+-----+
|DSP              |        -|   -|      -|     -|    -|
|Expression       |        -|   -|      0|    36|    -|
|FIFO             |        -|   -|      -|     -|    -|
|Instance         |        -|   2|      0|    21|    -|
|Memory           |        -|   -|      -|     -|    -|
|Multiplexer      |        -|   -|      -|    31|    -|
|Register         |        -|   -|     67|     -|    -|
+-----------------+---------+----+-------+------+-----+
|Total            |        0|   2|     67|    88|    0|
+-----------------+---------+----+-------+------+-----+
|Available        |       40|  40|  16000|  8000|    0|
+-----------------+---------+----+-------+------+-----+
|Utilization (%)  |        0|   5|     ~0|     1|    0|
+-----------------+---------+----+-------+------+-----+

+ Detail: 
    * Instance: 
    +------------------------+---------------------+---------+----+---+----+-----+
    |        Instance        |        Module       | BRAM_18K| DSP| FF| LUT| URAM|
    +------------------------+---------------------+---------+----+---+----+-----+
    |mul_16ns_32s_32_1_1_U1  |mul_16ns_32s_32_1_1  |        0|   2|  0|  21|    0|
    +------------------------+---------------------+---------+----+---+----+-----+
    |Total                   |                     |        0|   2|  0|  21|    0|
    +------------------------+---------------------+---------+----+---+----+-----+

    * DSP: 
    N/A

    * Memory: 
    N/A

    * FIFO: 
    N/A

    * Expression: 
    +-------------------+----------+----+---+----+------------+------------+
    |   Variable Name   | Operation| DSP| FF| LUT| Bitwidth P0| Bitwidth P1|
    +-------------------+----------+----+---+----+------------+------------+
    |i_3_fu_87_p2       |         +|   0|  0|  23|          16|           1|
    |icmp_ln6_fu_76_p2  |      icmp|   0|  0|  13|          17|          17|
    +-------------------+----------+----+---+----+------------+------------+
    |Total              |          |   0|  0|  36|          33|          18|
    +-------------------+----------+----+---+----+------------+------------+

    * Multiplexer: 
    +-----------+----+-----------+-----+-----------+
    |    Name   | LUT| Input Size| Bits| Total Bits|
    +-----------+----+-----------+-----+-----------+
    |ap_NS_fsm  |  13|          3|    1|          3|
    |i_fu_38    |   9|          2|   16|         32|
    |res_fu_34  |   9|          2|   32|         64|
    +-----------+----+-----------+-----+-----------+
    |Total      |  31|          7|   49|         99|
    +-----------+----+-----------+-----+-----------+

    * Register: 
    +------------------+----+----+-----+-----------+
    |       Name       | FF | LUT| Bits| Const Bits|
    +------------------+----+----+-----+-----------+
    |ap_CS_fsm         |   2|   0|    2|          0|
    |i_fu_38           |  16|   0|   16|          0|
    |res_fu_34         |  32|   0|   32|          0|
    |sext_ln6_reg_117  |  17|   0|   17|          0|
    +------------------+----+----+-----+-----------+
    |Total             |  67|   0|   67|          0|
    +------------------+----+----+-----+-----------+



================================================================
== Interface
================================================================
* Summary: 
+-------------------+-----+-----+------------+--------------+--------------+
|     RTL Ports     | Dir | Bits|  Protocol  | Source Object|    C Type    |
+-------------------+-----+-----+------------+--------------+--------------+
|ap_local_block     |  out|    1|  ap_ctrl_hs|       lab2_z1|  return value|
|ap_local_deadlock  |  out|    1|  ap_ctrl_hs|       lab2_z1|  return value|
|ap_clk             |   in|    1|  ap_ctrl_hs|       lab2_z1|  return value|
|ap_rst             |   in|    1|  ap_ctrl_hs|       lab2_z1|  return value|
|ap_start           |   in|    1|  ap_ctrl_hs|       lab2_z1|  return value|
|ap_done            |  out|    1|  ap_ctrl_hs|       lab2_z1|  return value|
|ap_idle            |  out|    1|  ap_ctrl_hs|       lab2_z1|  return value|
|ap_ready           |  out|    1|  ap_ctrl_hs|       lab2_z1|  return value|
|ap_return          |  out|   32|  ap_ctrl_hs|       lab2_z1|  return value|
|in_r               |   in|   16|     ap_none|          in_r|        scalar|
+-------------------+-----+-----+------------+--------------+--------------+

