

================================================================
== Synthesis Summary Report of 'lab3_z1'
================================================================
+ General Information: 
    * Date:           Sat Oct 29 00:42:17 2022
    * Version:        2021.2 (Build 3367213 on Tue Oct 19 02:48:09 MDT 2021)
    * Project:        lab3_z1
    * Solution:       sol1 (Vivado IP Flow Target)
    * Product family: artix7
    * Target device:  xa7a12t-csg325-1Q
    

+ Performance & Resource Estimates: 
    
    PS: '+' for module; 'o' for loop; '*' for dataflow
    +-----------+------+------+---------+--------+----------+---------+------+----------+------+--------+---------+----------+-----+
    |  Modules  | Issue|      | Latency | Latency| Iteration|         | Trip |          |      |        |         |          |     |
    |  & Loops  | Type | Slack| (cycles)|  (ns)  |  Latency | Interval| Count| Pipelined| BRAM |   DSP  |    FF   |    LUT   | URAM|
    +-----------+------+------+---------+--------+----------+---------+------+----------+------+--------+---------+----------+-----+
    |+ lab3_z1  |     -|  4.30|        3|  24.000|         -|        4|     -|        no|     -|  1 (2%)|  4 (~0%)|  60 (~0%)|    -|
    +-----------+------+------+---------+--------+----------+---------+------+----------+------+--------+---------+----------+-----+


================================================================
== HW Interfaces
================================================================
* REGISTER
+-----------+---------+----------+
| Interface | Mode    | Bitwidth |
+-----------+---------+----------+
| ap_return |         | 32       |
| inA       | ap_none | 16       |
| inB       | ap_none | 16       |
| inC       | ap_none | 16       |
| res       | ap_none | 32       |
+-----------+---------+----------+

* TOP LEVEL CONTROL
+-----------+------------+-----------------------------------+
| Interface | Type       | Ports                             |
+-----------+------------+-----------------------------------+
| ap_clk    | clock      | ap_clk                            |
| ap_rst    | reset      | ap_rst                            |
| ap_ctrl   | ap_ctrl_hs | ap_done ap_idle ap_ready ap_start |
+-----------+------------+-----------------------------------+


================================================================
== SW I/O Information
================================================================
* Top Function Arguments
+----------+-----------+----------+
| Argument | Direction | Datatype |
+----------+-----------+----------+
| inA      | in        | short    |
| inB      | in        | short    |
| inC      | in        | short*   |
| res      | out       | int*     |
| return   | out       | int      |
+----------+-----------+----------+

* SW-to-HW Mapping
+----------+--------------+---------+
| Argument | HW Interface | HW Type |
+----------+--------------+---------+
| inA      | inA          | port    |
| inB      | inB          | port    |
| inC      | inC          | port    |
| res      | res          | port    |
| res      | res_ap_vld   | port    |
| return   | ap_return    | port    |
+----------+--------------+---------+


================================================================
== Bind Op Report
================================================================
+-----------------------------+-----+--------+----------+-----+--------+---------+
| Name                        | DSP | Pragma | Variable | Op  | Impl   | Latency |
+-----------------------------+-----+--------+----------+-----+--------+---------+
| + lab3_z1                   | 1   |        |          |     |        |         |
|   mul_mul_16s_16s_32_4_1_U1 | 1   |        | temp     | mul | dsp    | 3       |
|   res                       | -   |        | add_ln7  | add | fabric | 0       |
+-----------------------------+-----+--------+----------+-----+--------+---------+


================================================================
== Bind Storage Report
================================================================
  No bind storage info in design

================================================================
== User Pragma Report
================================================================
  No pragmas found

