

================================================================
== Vitis HLS Report for 'lab2_z0'
================================================================
* Date:           Tue Oct 18 01:20:13 2022

* Version:        2021.2 (Build 3367213 on Tue Oct 19 02:48:09 MDT 2021)
* Project:        lab2_z0_ex
* Solution:       ex_sol2 (Vivado IP Flow Target)
* Product family: artix7
* Target device:  xa7a12t-csg325-1Q


================================================================
== Performance Estimates
================================================================
+ Timing: 
    * Summary: 
    +------+---------+----------+------------+
    | Clock|  Target | Estimated| Uncertainty|
    +------+---------+----------+------------+
    |clk   |  6.00 ns|  4.298 ns|     1.00 ns|
    +------+---------+----------+------------+

+ Latency: 
    * Summary: 
    +---------+---------+-----------+-----------+-----+-----+---------+
    |  Latency (cycles) |   Latency (absolute)  |  Interval | Pipeline|
    |   min   |   max   |    min    |    max    | min | max |   Type  |
    +---------+---------+-----------+-----------+-----+-----+---------+
    |       10|       10|  60.000 ns|  60.000 ns|   11|   11|       no|
    +---------+---------+-----------+-----------+-----+-----+---------+

    + Detail: 
        * Instance: 
        N/A

        * Loop: 
        +------------------+---------+---------+----------+-----------+-----------+------+----------+
        |                  |  Latency (cycles) | Iteration|  Initiation Interval  | Trip |          |
        |     Loop Name    |   min   |   max   |  Latency |  achieved |   target  | Count| Pipelined|
        +------------------+---------+---------+----------+-----------+-----------+------+----------+
        |- VITIS_LOOP_7_1  |        9|        9|         3|          -|          -|     3|        no|
        +------------------+---------+---------+----------+-----------+-----------+------+----------+



================================================================
== Utilization Estimates
================================================================
* Summary: 
+-----------------+---------+----+-------+------+-----+
|       Name      | BRAM_18K| DSP|   FF  |  LUT | URAM|
+-----------------+---------+----+-------+------+-----+
|DSP              |        -|   -|      -|     -|    -|
|Expression       |        -|   -|      0|    42|    -|
|FIFO             |        -|   -|      -|     -|    -|
|Instance         |        -|   -|      -|     -|    -|
|Memory           |        -|   -|      -|     -|    -|
|Multiplexer      |        -|   -|      -|    30|    -|
|Register         |        -|   -|     25|     -|    -|
+-----------------+---------+----+-------+------+-----+
|Total            |        0|   0|     25|    72|    0|
+-----------------+---------+----+-------+------+-----+
|Available        |       40|  40|  16000|  8000|    0|
+-----------------+---------+----+-------+------+-----+
|Utilization (%)  |        0|   0|     ~0|    ~0|    0|
+-----------------+---------+----+-------+------+-----+

+ Detail: 
    * Instance: 
    N/A

    * DSP: 
    N/A

    * Memory: 
    N/A

    * FIFO: 
    N/A

    * Expression: 
    +-------------------+----------+----+---+----+------------+------------+
    |   Variable Name   | Operation| DSP| FF| LUT| Bitwidth P0| Bitwidth P1|
    +-------------------+----------+----+---+----+------------+------------+
    |add_ln7_fu_103_p2  |         +|   0|  0|  10|           2|           1|
    |tmp_res_fu_122_p2  |         +|   0|  0|  24|          17|          17|
    |icmp_ln7_fu_97_p2  |      icmp|   0|  0|   8|           2|           2|
    +-------------------+----------+----+---+----+------------+------------+
    |Total              |          |   0|  0|  42|          21|          20|
    +-------------------+----------+----+---+----+------------+------------+

    * Multiplexer: 
    +-----------+----+-----------+-----+-----------+
    |    Name   | LUT| Input Size| Bits| Total Bits|
    +-----------+----+-----------+-----+-----------+
    |ap_NS_fsm  |  21|          5|    1|          5|
    |i_fu_40    |   9|          2|    2|          4|
    +-----------+----+-----------+-----+-----------+
    |Total      |  30|          7|    3|          9|
    +-----------+----+-----------+-----+-----------+

    * Register: 
    +------------------+----+----+-----+-----------+
    |       Name       | FF | LUT| Bits| Const Bits|
    +------------------+----+----+-----+-----------+
    |ap_CS_fsm         |   4|   0|    4|          0|
    |i_fu_40           |   2|   0|    2|          0|
    |tmp_res_reg_157   |  17|   0|   17|          0|
    |zext_ln7_reg_139  |   2|   0|   64|         62|
    +------------------+----+----+-----+-----------+
    |Total             |  25|   0|   87|         62|
    +------------------+----+----+-----+-----------+



================================================================
== Interface
================================================================
* Summary: 
+-------------------+-----+-----+------------+--------------+--------------+
|     RTL Ports     | Dir | Bits|  Protocol  | Source Object|    C Type    |
+-------------------+-----+-----+------------+--------------+--------------+
|ap_local_block     |  out|    1|  ap_ctrl_hs|       lab2_z0|  return value|
|ap_local_deadlock  |  out|    1|  ap_ctrl_hs|       lab2_z0|  return value|
|ap_clk             |   in|    1|  ap_ctrl_hs|       lab2_z0|  return value|
|ap_rst             |   in|    1|  ap_ctrl_hs|       lab2_z0|  return value|
|ap_start           |   in|    1|  ap_ctrl_hs|       lab2_z0|  return value|
|ap_done            |  out|    1|  ap_ctrl_hs|       lab2_z0|  return value|
|ap_idle            |  out|    1|  ap_ctrl_hs|       lab2_z0|  return value|
|ap_ready           |  out|    1|  ap_ctrl_hs|       lab2_z0|  return value|
|in_a_address0      |  out|    2|   ap_memory|          in_a|         array|
|in_a_ce0           |  out|    1|   ap_memory|          in_a|         array|
|in_a_q0            |   in|   16|   ap_memory|          in_a|         array|
|in_b_address0      |  out|    2|   ap_memory|          in_b|         array|
|in_b_ce0           |  out|    1|   ap_memory|          in_b|         array|
|in_b_q0            |   in|   16|   ap_memory|          in_b|         array|
|res_address0       |  out|    2|   ap_memory|           res|         array|
|res_ce0            |  out|    1|   ap_memory|           res|         array|
|res_we0            |  out|    1|   ap_memory|           res|         array|
|res_d0             |  out|   32|   ap_memory|           res|         array|
+-------------------+-----+-----+------------+--------------+--------------+

