

================================================================
== Synthesis Summary Report of 'foo_m'
================================================================
+ General Information: 
    * Date:           Sun Dec 11 11:12:18 2022
    * Version:        2021.2 (Build 3367213 on Tue Oct 19 02:48:09 MDT 2021)
    * Project:        lab5_z1
    * Solution:       sol3 (Vivado IP Flow Target)
    * Product family: artix7
    * Target device:  xa7a12t-csg325-1Q
    

+ Performance & Resource Estimates: 
    
    PS: '+' for module; 'o' for loop; '*' for dataflow
    +----------+------+-------+---------+-----------+----------+---------+-------+----------+-----------+---------+----------+----------+-----+
    |  Modules | Issue|       | Latency |  Latency  | Iteration|         |  Trip |          |           |         |          |          |     |
    |  & Loops | Type | Slack | (cycles)|    (ns)   |  Latency | Interval| Count | Pipelined|   BRAM    |   DSP   |    FF    |    LUT   | URAM|
    +----------+------+-------+---------+-----------+----------+---------+-------+----------+-----------+---------+----------+----------+-----+
    |+ foo_m   |     -|   1.27|   163844|  2.294e+06|         -|   163845|      -|        no|  96 (240%)|  4 (10%)|  195 (1%)|  345 (4%)|    -|
    | o Loop1  |     -|  13.00|    49152|  6.881e+05|         3|        -|  16384|        no|          -|        -|         -|         -|    -|
    | o L1     |     -|  13.00|    32768|  4.588e+05|         2|        -|  16384|        no|          -|        -|         -|         -|    -|
    | o Loop2  |     -|  13.00|    49152|  6.881e+05|         3|        -|  16384|        no|          -|        -|         -|         -|    -|
    | o Loop3  |     -|  13.00|    32768|  4.588e+05|         2|        -|  16384|        no|          -|        -|         -|         -|    -|
    +----------+------+-------+---------+-----------+----------+---------+-------+----------+-----------+---------+----------+----------+-----+


================================================================
== HW Interfaces
================================================================
* AP_MEMORY
+--------------------+----------+
| Interface          | Bitwidth |
+--------------------+----------+
| data_in_address0   | 14       |
| data_in_q0         | 32       |
| data_out1_address0 | 14       |
| data_out1_d0       | 32       |
| data_out2_address0 | 14       |
| data_out2_d0       | 32       |
+--------------------+----------+

* REGISTER
+-----------+---------+----------+
| Interface | Mode    | Bitwidth |
+-----------+---------+----------+
| scale     | ap_none | 32       |
+-----------+---------+----------+

* TOP LEVEL CONTROL
+-----------+------------+-----------------------------------+
| Interface | Type       | Ports                             |
+-----------+------------+-----------------------------------+
| ap_clk    | clock      | ap_clk                            |
| ap_rst    | reset      | ap_rst                            |
| ap_ctrl   | ap_ctrl_hs | ap_done ap_idle ap_ready ap_start |
+-----------+------------+-----------------------------------+


================================================================
== SW I/O Information
================================================================
* Top Function Arguments
+-----------+-----------+----------+
| Argument  | Direction | Datatype |
+-----------+-----------+----------+
| data_in   | in        | int*     |
| scale     | in        | int      |
| data_out1 | out       | int*     |
| data_out2 | out       | int*     |
+-----------+-----------+----------+

* SW-to-HW Mapping
+-----------+--------------------+---------+----------+
| Argument  | HW Interface       | HW Type | HW Usage |
+-----------+--------------------+---------+----------+
| data_in   | data_in_address0   | port    | offset   |
| data_in   | data_in_ce0        | port    |          |
| data_in   | data_in_q0         | port    |          |
| scale     | scale              | port    |          |
| data_out1 | data_out1_address0 | port    | offset   |
| data_out1 | data_out1_ce0      | port    |          |
| data_out1 | data_out1_we0      | port    |          |
| data_out1 | data_out1_d0       | port    |          |
| data_out2 | data_out2_address0 | port    | offset   |
| data_out2 | data_out2_ce0      | port    |          |
| data_out2 | data_out2_we0      | port    |          |
| data_out2 | data_out2_d0       | port    |          |
+-----------+--------------------+---------+----------+


================================================================
== Bind Op Report
================================================================
+-------------------------+-----+--------+----------+-----+--------+---------+
| Name                    | DSP | Pragma | Variable | Op  | Impl   | Latency |
+-------------------------+-----+--------+----------+-----+--------+---------+
| + foo_m                 | 4   |        |          |     |        |         |
|   add_ln21_fu_209_p2    | -   |        | add_ln21 | add | fabric | 0       |
|   mul_32s_32s_32_1_1_U1 | 3   |        | mul_ln24 | mul | auto   | 0       |
|   add_ln8_fu_244_p2     | -   |        | add_ln8  | add | fabric | 0       |
|   add_ln31_fu_274_p2    | -   |        | add_ln31 | add | fabric | 0       |
|   mul_32s_6ns_32_1_1_U2 | 1   |        | mul_ln34 | mul | auto   | 0       |
|   add_ln38_fu_310_p2    | -   |        | add_ln38 | add | fabric | 0       |
|   data_out2_d0          | -   |        | add_ln41 | add | fabric | 0       |
+-------------------------+-----+--------+----------+-----+--------+---------+


================================================================
== Bind Storage Report
================================================================
+-----------+------+------+--------+----------+---------+------+---------+
| Name      | BRAM | URAM | Pragma | Variable | Storage | Impl | Latency |
+-----------+------+------+--------+----------+---------+------+---------+
| + foo_m   | 96   | 0    |        |          |         |      |         |
|   temp1_U | 32   | -    |        | temp1    | ram_1p  | auto | 1       |
|   temp2_U | 32   | -    |        | temp2    | ram_1p  | auto | 1       |
|   temp3_U | 32   | -    |        | temp3    | ram_1p  | auto | 1       |
+-----------+------+------+--------+----------+---------+------+---------+


================================================================
== User Pragma Report
================================================================
* Valid Pragma Syntax
+----------+---------+--------------------------------+
| Type     | Options | Location                       |
+----------+---------+--------------------------------+
| pipeline | off     | ./source/lab5_z1.c:10 in split |
| pipeline | off     | ./source/lab5_z1.c:23 in foo_m |
| pipeline | off     | ./source/lab5_z1.c:33 in foo_m |
| pipeline | off     | ./source/lab5_z1.c:40 in foo_m |
+----------+---------+--------------------------------+


