

================================================================
== Synthesis Summary Report of 'dct'
================================================================
+ General Information: 
    * Date:           Thu Sep 22 16:03:31 2022
    * Version:        2021.2 (Build 3367213 on Tue Oct 19 02:48:09 MDT 2021)
    * Project:        dct_prj
    * Solution:       solution1 (Vivado IP Flow Target)
    * Product family: zynquplus
    * Target device:  xczu7ev-ffvc1156-2-e
    

+ Performance & Resource Estimates: 
    
    PS: '+' for module; 'o' for loop; '*' for dataflow
    +-----------------------------------------------------------+------+------+---------+-----------+----------+---------+------+----------+---------+----------+-----------+------------+-----+
    |                          Modules                          | Issue|      | Latency |  Latency  | Iteration|         | Trip |          |         |          |           |            |     |
    |                          & Loops                          | Type | Slack| (cycles)|    (ns)   |  Latency | Interval| Count| Pipelined|  BRAM   |    DSP   |     FF    |     LUT    | URAM|
    +-----------------------------------------------------------+------+------+---------+-----------+----------+---------+------+----------+---------+----------+-----------+------------+-----+
    |+ dct                                                      |     -|  3.71|      415|  4.150e+03|         -|      416|     -|        no|  17 (2%)|  16 (~0%)|  671 (~0%)|  1992 (~0%)|    -|
    | + dct_Pipeline_RD_Loop_Row_RD_Loop_Col                    |     -|  4.09|       66|    660.000|         -|       66|     -|        no|        -|         -|   24 (~0%)|   153 (~0%)|    -|
    |  o RD_Loop_Row_RD_Loop_Col                                |     -|  7.30|       64|    640.000|         2|        1|    64|       yes|        -|         -|          -|           -|    -|
    | + dct_Pipeline_Row_DCT_Loop_DCT_Outer_Loop                |     -|  3.71|       70|    700.000|         -|       70|     -|        no|        -|   8 (~0%)|  219 (~0%)|   369 (~0%)|    -|
    |  o Row_DCT_Loop_DCT_Outer_Loop                            |     -|  7.30|       68|    680.000|         6|        1|    64|       yes|        -|         -|          -|           -|    -|
    | + dct_Pipeline_Xpose_Row_Outer_Loop_Xpose_Row_Inner_Loop  |     -|  4.09|       66|    660.000|         -|       66|     -|        no|        -|         -|   24 (~0%)|   166 (~0%)|    -|
    |  o Xpose_Row_Outer_Loop_Xpose_Row_Inner_Loop              |     -|  7.30|       64|    640.000|         2|        1|    64|       yes|        -|         -|          -|           -|    -|
    | + dct_Pipeline_Col_DCT_Loop_DCT_Outer_Loop                |     -|  3.71|       70|    700.000|         -|       70|     -|        no|        -|   8 (~0%)|  219 (~0%)|   369 (~0%)|    -|
    |  o Col_DCT_Loop_DCT_Outer_Loop                            |     -|  7.30|       68|    680.000|         6|        1|    64|       yes|        -|         -|          -|           -|    -|
    | + dct_Pipeline_Xpose_Col_Outer_Loop_Xpose_Col_Inner_Loop  |     -|  4.09|       66|    660.000|         -|       66|     -|        no|        -|         -|   24 (~0%)|   166 (~0%)|    -|
    |  o Xpose_Col_Outer_Loop_Xpose_Col_Inner_Loop              |     -|  7.30|       64|    640.000|         2|        1|    64|       yes|        -|         -|          -|           -|    -|
    | + dct_Pipeline_WR_Loop_Row_WR_Loop_Col                    |     -|  4.09|       66|    660.000|         -|       66|     -|        no|        -|         -|   24 (~0%)|   153 (~0%)|    -|
    |  o WR_Loop_Row_WR_Loop_Col                                |     -|  7.30|       64|    640.000|         2|        1|    64|       yes|        -|         -|          -|           -|    -|
    +-----------------------------------------------------------+------+------+---------+-----------+----------+---------+------+----------+---------+----------+-----------+------------+-----+


================================================================
== HW Interfaces
================================================================
* AP_MEMORY
+-------------------+----------+
| Interface         | Bitwidth |
+-------------------+----------+
| input_r_address0  | 6        |
| input_r_q0        | 16       |
| output_r_address0 | 6        |
| output_r_d0       | 16       |
+-------------------+----------+

* TOP LEVEL CONTROL
+-----------+------------+-----------------------------------+
| Interface | Type       | Ports                             |
+-----------+------------+-----------------------------------+
| ap_clk    | clock      | ap_clk                            |
| ap_rst    | reset      | ap_rst                            |
| ap_ctrl   | ap_ctrl_hs | ap_done ap_idle ap_ready ap_start |
+-----------+------------+-----------------------------------+


================================================================
== SW I/O Information
================================================================
* Top Function Arguments
+----------+-----------+----------+
| Argument | Direction | Datatype |
+----------+-----------+----------+
| input    | in        | short*   |
| output   | out       | short*   |
+----------+-----------+----------+

* SW-to-HW Mapping
+----------+-------------------+---------+----------+
| Argument | HW Interface      | HW Type | HW Usage |
+----------+-------------------+---------+----------+
| input    | input_r_address0  | port    | offset   |
| input    | input_r_ce0       | port    |          |
| input    | input_r_q0        | port    |          |
| output   | output_r_address0 | port    | offset   |
| output   | output_r_ce0      | port    |          |
| output   | output_r_we0      | port    |          |
| output   | output_r_d0       | port    |          |
+----------+-------------------+---------+----------+


================================================================
== Bind Op Report
================================================================
+-----------------------------------------------------------+-----+--------+-------------+-----+--------+---------+
| Name                                                      | DSP | Pragma | Variable    | Op  | Impl   | Latency |
+-----------------------------------------------------------+-----+--------+-------------+-----+--------+---------+
| + dct                                                     | 16  |        |             |     |        |         |
|  + dct_Pipeline_RD_Loop_Row_RD_Loop_Col                   | 0   |        |             |     |        |         |
|    add_ln59_1_fu_111_p2                                   | -   |        | add_ln59_1  | add | fabric | 0       |
|    add_ln59_fu_123_p2                                     | -   |        | add_ln59    | add | fabric | 0       |
|    add_ln62_fu_167_p2                                     | -   |        | add_ln62    | add | fabric | 0       |
|    add_ln61_fu_178_p2                                     | -   |        | add_ln61    | add | fabric | 0       |
|  + dct_Pipeline_Row_DCT_Loop_DCT_Outer_Loop               | 8   |        |             |     |        |         |
|    add_ln32_1_fu_345_p2                                   | -   |        | add_ln32_1  | add | fabric | 0       |
|    add_ln32_fu_354_p2                                     | -   |        | add_ln32    | add | fabric | 0       |
|    add_ln19_1_fu_736_p2                                   | -   |        | add_ln19_1  | add | fabric | 0       |
|    mac_muladd_16s_14ns_29s_29_4_1_U7                      | 1   |        | mul_ln16    | mul | dsp    | 3       |
|    mul_mul_16s_15s_29_4_1_U3                              | 1   |        | mul_ln16_1  | mul | dsp    | 3       |
|    mul_mul_16s_15s_29_4_1_U4                              | 1   |        | mul_ln16_2  | mul | dsp    | 3       |
|    mac_muladd_16s_15s_29s_29_4_1_U8                       | 1   |        | mul_ln16_3  | mul | dsp    | 3       |
|    mul_mul_16s_15s_29_4_1_U5                              | 1   |        | mul_ln16_4  | mul | dsp    | 3       |
|    mac_muladd_16s_15s_29s_29_4_1_U9                       | 1   |        | mul_ln16_5  | mul | dsp    | 3       |
|    mac_muladd_16s_15s_29ns_29_4_1_U10                     | 1   |        | mul_ln16_6  | mul | dsp    | 3       |
|    mac_muladd_16s_15s_13ns_29_4_1_U6                      | 1   |        | mul_ln19    | mul | dsp    | 3       |
|    mac_muladd_16s_14ns_29s_29_4_1_U7                      | 1   |        | add_ln19_2  | add | dsp    | 3       |
|    mac_muladd_16s_15s_29s_29_4_1_U8                       | 1   |        | add_ln19_3  | add | dsp    | 3       |
|    add_ln19_4_fu_823_p2                                   | -   |        | add_ln19_4  | add | tadder | 0       |
|    mac_muladd_16s_15s_29s_29_4_1_U9                       | 1   |        | add_ln19_5  | add | dsp    | 3       |
|    mac_muladd_16s_15s_13ns_29_4_1_U6                      | 1   |        | add_ln19_6  | add | dsp    | 3       |
|    mac_muladd_16s_15s_29ns_29_4_1_U10                     | 1   |        | add_ln19_7  | add | dsp    | 3       |
|    add_ln19_8_fu_827_p2                                   | -   |        | add_ln19_8  | add | fabric | 0       |
|    add_ln19_fu_831_p2                                     | -   |        | add_ln19    | add | tadder | 0       |
|    add_ln13_fu_742_p2                                     | -   |        | add_ln13    | add | fabric | 0       |
|  + dct_Pipeline_Xpose_Row_Outer_Loop_Xpose_Row_Inner_Loop | 0   |        |             |     |        |         |
|    add_ln37_1_fu_105_p2                                   | -   |        | add_ln37_1  | add | fabric | 0       |
|    add_ln37_fu_117_p2                                     | -   |        | add_ln37    | add | fabric | 0       |
|    add_ln40_fu_177_p2                                     | -   |        | add_ln40    | add | fabric | 0       |
|    add_ln40_1_fu_188_p2                                   | -   |        | add_ln40_1  | add | fabric | 0       |
|    add_ln39_fu_194_p2                                     | -   |        | add_ln39    | add | fabric | 0       |
|  + dct_Pipeline_Col_DCT_Loop_DCT_Outer_Loop               | 8   |        |             |     |        |         |
|    add_ln43_1_fu_345_p2                                   | -   |        | add_ln43_1  | add | fabric | 0       |
|    add_ln43_fu_354_p2                                     | -   |        | add_ln43    | add | fabric | 0       |
|    add_ln19_fu_736_p2                                     | -   |        | add_ln19    | add | fabric | 0       |
|    mac_muladd_16s_14ns_29s_29_4_1_U32                     | 1   |        | mul_ln16    | mul | dsp    | 3       |
|    mul_mul_16s_15s_29_4_1_U28                             | 1   |        | mul_ln16_7  | mul | dsp    | 3       |
|    mul_mul_16s_15s_29_4_1_U29                             | 1   |        | mul_ln16_8  | mul | dsp    | 3       |
|    mac_muladd_16s_15s_29s_29_4_1_U33                      | 1   |        | mul_ln16_9  | mul | dsp    | 3       |
|    mul_mul_16s_15s_29_4_1_U30                             | 1   |        | mul_ln16_10 | mul | dsp    | 3       |
|    mac_muladd_16s_15s_29s_29_4_1_U34                      | 1   |        | mul_ln16_11 | mul | dsp    | 3       |
|    mac_muladd_16s_15s_29ns_29_4_1_U35                     | 1   |        | mul_ln16_12 | mul | dsp    | 3       |
|    mac_muladd_16s_15s_13ns_29_4_1_U31                     | 1   |        | mul_ln19    | mul | dsp    | 3       |
|    mac_muladd_16s_14ns_29s_29_4_1_U32                     | 1   |        | add_ln19_9  | add | dsp    | 3       |
|    mac_muladd_16s_15s_29s_29_4_1_U33                      | 1   |        | add_ln19_10 | add | dsp    | 3       |
|    add_ln19_11_fu_823_p2                                  | -   |        | add_ln19_11 | add | tadder | 0       |
|    mac_muladd_16s_15s_29s_29_4_1_U34                      | 1   |        | add_ln19_12 | add | dsp    | 3       |
|    mac_muladd_16s_15s_13ns_29_4_1_U31                     | 1   |        | add_ln19_13 | add | dsp    | 3       |
|    mac_muladd_16s_15s_29ns_29_4_1_U35                     | 1   |        | add_ln19_14 | add | dsp    | 3       |
|    add_ln19_15_fu_827_p2                                  | -   |        | add_ln19_15 | add | fabric | 0       |
|    add_ln19_1_fu_831_p2                                   | -   |        | add_ln19_1  | add | tadder | 0       |
|    add_ln13_fu_742_p2                                     | -   |        | add_ln13    | add | fabric | 0       |
|  + dct_Pipeline_Xpose_Col_Outer_Loop_Xpose_Col_Inner_Loop | 0   |        |             |     |        |         |
|    add_ln48_1_fu_105_p2                                   | -   |        | add_ln48_1  | add | fabric | 0       |
|    add_ln48_fu_117_p2                                     | -   |        | add_ln48    | add | fabric | 0       |
|    add_ln51_fu_177_p2                                     | -   |        | add_ln51    | add | fabric | 0       |
|    add_ln51_1_fu_188_p2                                   | -   |        | add_ln51_1  | add | fabric | 0       |
|    add_ln50_fu_194_p2                                     | -   |        | add_ln50    | add | fabric | 0       |
|  + dct_Pipeline_WR_Loop_Row_WR_Loop_Col                   | 0   |        |             |     |        |         |
|    add_ln71_1_fu_111_p2                                   | -   |        | add_ln71_1  | add | fabric | 0       |
|    add_ln71_fu_123_p2                                     | -   |        | add_ln71    | add | fabric | 0       |
|    add_ln74_fu_167_p2                                     | -   |        | add_ln74    | add | fabric | 0       |
|    add_ln73_fu_178_p2                                     | -   |        | add_ln73    | add | fabric | 0       |
+-----------------------------------------------------------+-----+--------+-------------+-----+--------+---------+


================================================================
== Bind Storage Report
================================================================
+-----------------------+------+------+--------+-------------------+---------+------+---------+
| Name                  | BRAM | URAM | Pragma | Variable          | Storage | Impl | Latency |
+-----------------------+------+------+--------+-------------------+---------+------+---------+
| + dct                 | 17   | 0    |        |                   |         |      |         |
|   row_outbuf_U        | 1    | -    |        | row_outbuf        | ram_1p  | auto | 1       |
|   col_outbuf_U        | 1    | -    |        | col_outbuf        | ram_1p  | auto | 1       |
|   col_inbuf_U         | 7    | -    |        | col_inbuf         | rom_np  | auto | 1       |
|   buf_2d_in_U         | 7    | -    |        | buf_2d_in         | rom_np  | auto | 1       |
|   buf_2d_out_U        | 1    | -    |        | buf_2d_out        | ram_1p  | auto | 1       |
|   dct_coeff_table_0_U | -    | -    |        | dct_coeff_table_0 | rom_1p  | auto | 1       |
|   dct_coeff_table_1_U | -    | -    |        | dct_coeff_table_1 | rom_1p  | auto | 1       |
|   dct_coeff_table_2_U | -    | -    |        | dct_coeff_table_2 | rom_1p  | auto | 1       |
|   dct_coeff_table_3_U | -    | -    |        | dct_coeff_table_3 | rom_1p  | auto | 1       |
|   dct_coeff_table_4_U | -    | -    |        | dct_coeff_table_4 | rom_1p  | auto | 1       |
|   dct_coeff_table_5_U | -    | -    |        | dct_coeff_table_5 | rom_1p  | auto | 1       |
|   dct_coeff_table_6_U | -    | -    |        | dct_coeff_table_6 | rom_1p  | auto | 1       |
|   dct_coeff_table_7_U | -    | -    |        | dct_coeff_table_7 | rom_1p  | auto | 1       |
+-----------------------+------+------+--------+-------------------+---------+------+---------+


================================================================
== User Pragma Report
================================================================
  No pragmas found

