

================================================================
== Vitis HLS Report for 'Loop_Loop2_proc'
================================================================
* Date:           Sun Dec 11 11:13:38 2022

* Version:        2021.2 (Build 3367213 on Tue Oct 19 02:48:09 MDT 2021)
* Project:        lab5_z1
* Solution:       sol5_pingpong (Vivado IP Flow Target)
* Product family: artix7
* Target device:  xa7a12t-csg325-1Q


================================================================
== Performance Estimates
================================================================
+ Timing: 
    * Summary: 
    +------+----------+----------+------------+
    | Clock|  Target  | Estimated| Uncertainty|
    +------+----------+----------+------------+
    |clk   |  10.00 ns|  8.470 ns|     1.00 ns|
    +------+----------+----------+------------+

+ Latency: 
    * Summary: 
    +---------+---------+----------+----------+-------+-------+---------+
    |  Latency (cycles) |  Latency (absolute) |    Interval   | Pipeline|
    |   min   |   max   |    min   |    max   |  min  |  max  |   Type  |
    +---------+---------+----------+----------+-------+-------+---------+
    |    65537|    65537|  0.655 ms|  0.655 ms|  65537|  65537|       no|
    +---------+---------+----------+----------+-------+-------+---------+

    + Detail: 
        * Instance: 
        N/A

        * Loop: 
        +----------+---------+---------+----------+-----------+-----------+-------+----------+
        |          |  Latency (cycles) | Iteration|  Initiation Interval  |  Trip |          |
        | Loop Name|   min   |   max   |  Latency |  achieved |   target  | Count | Pipelined|
        +----------+---------+---------+----------+-----------+-----------+-------+----------+
        |- Loop2   |    65536|    65536|         4|          -|          -|  16384|        no|
        +----------+---------+---------+----------+-----------+-----------+-------+----------+



================================================================
== Utilization Estimates
================================================================
* Summary: 
+-----------------+---------+----+-------+------+-----+
|       Name      | BRAM_18K| DSP|   FF  |  LUT | URAM|
+-----------------+---------+----+-------+------+-----+
|DSP              |        -|   -|      -|     -|    -|
|Expression       |        -|   -|      0|    37|    -|
|FIFO             |        -|   -|      -|     -|    -|
|Instance         |        -|   1|      0|    21|    -|
|Memory           |        -|   -|      -|     -|    -|
|Multiplexer      |        -|   -|      -|    43|    -|
|Register         |        -|   -|    100|     -|    -|
+-----------------+---------+----+-------+------+-----+
|Total            |        0|   1|    100|   101|    0|
+-----------------+---------+----+-------+------+-----+
|Available        |       40|  40|  16000|  8000|    0|
+-----------------+---------+----+-------+------+-----+
|Utilization (%)  |        0|   2|     ~0|     1|    0|
+-----------------+---------+----+-------+------+-----+

+ Detail: 
    * Instance: 
    +-----------------------+--------------------+---------+----+---+----+-----+
    |        Instance       |       Module       | BRAM_18K| DSP| FF| LUT| URAM|
    +-----------------------+--------------------+---------+----+---+----+-----+
    |mul_32s_6ns_32_1_1_U9  |mul_32s_6ns_32_1_1  |        0|   1|  0|  21|    0|
    +-----------------------+--------------------+---------+----+---+----+-----+
    |Total                  |                    |        0|   1|  0|  21|    0|
    +-----------------------+--------------------+---------+----+---+----+-----+

    * DSP: 
    N/A

    * Memory: 
    N/A

    * FIFO: 
    N/A

    * Expression: 
    +--------------------+----------+----+---+----+------------+------------+
    |    Variable Name   | Operation| DSP| FF| LUT| Bitwidth P0| Bitwidth P1|
    +--------------------+----------+----+---+----+------------+------------+
    |add_ln31_fu_83_p2   |         +|   0|  0|  22|          15|           1|
    |icmp_ln31_fu_77_p2  |      icmp|   0|  0|  13|          15|          16|
    |ap_block_state1     |        or|   0|  0|   2|           1|           1|
    +--------------------+----------+----+---+----+------------+------------+
    |Total               |          |   0|  0|  37|          31|          18|
    +--------------------+----------+----+---+----+------------+------------+

    * Multiplexer: 
    +-----------+----+-----------+-----+-----------+
    |    Name   | LUT| Input Size| Bits| Total Bits|
    +-----------+----+-----------+-----+-----------+
    |ap_NS_fsm  |  25|          6|    1|          6|
    |ap_done    |   9|          2|    1|          2|
    |j_fu_34    |   9|          2|   15|         30|
    +-----------+----+-----------+-----+-----------+
    |Total      |  43|         10|   17|         38|
    +-----------+----+-----------+-----+-----------+

    * Register: 
    +--------------------+----+----+-----+-----------+
    |        Name        | FF | LUT| Bits| Const Bits|
    +--------------------+----+----+-----+-----------+
    |ap_CS_fsm           |   5|   0|    5|          0|
    |ap_done_reg         |   1|   0|    1|          0|
    |j_fu_34             |  15|   0|   15|          0|
    |mul_ln34_reg_124    |  32|   0|   32|          0|
    |temp2_load_reg_119  |  32|   0|   32|          0|
    |zext_ln31_reg_106   |  15|   0|   64|         49|
    +--------------------+----+----+-----+-----------+
    |Total               | 100|   0|  149|         49|
    +--------------------+----+----+-----+-----------+



================================================================
== Interface
================================================================
* Summary: 
+--------------------+-----+-----+------------+-----------------+--------------+
|      RTL Ports     | Dir | Bits|  Protocol  |  Source Object  |    C Type    |
+--------------------+-----+-----+------------+-----------------+--------------+
|ap_clk              |   in|    1|  ap_ctrl_hs|  Loop_Loop2_proc|  return value|
|ap_rst              |   in|    1|  ap_ctrl_hs|  Loop_Loop2_proc|  return value|
|ap_start            |   in|    1|  ap_ctrl_hs|  Loop_Loop2_proc|  return value|
|ap_done             |  out|    1|  ap_ctrl_hs|  Loop_Loop2_proc|  return value|
|ap_continue         |   in|    1|  ap_ctrl_hs|  Loop_Loop2_proc|  return value|
|ap_idle             |  out|    1|  ap_ctrl_hs|  Loop_Loop2_proc|  return value|
|ap_ready            |  out|    1|  ap_ctrl_hs|  Loop_Loop2_proc|  return value|
|temp2_address0      |  out|   14|   ap_memory|            temp2|         array|
|temp2_ce0           |  out|    1|   ap_memory|            temp2|         array|
|temp2_q0            |   in|   32|   ap_memory|            temp2|         array|
|data_out1_address0  |  out|   14|   ap_memory|        data_out1|         array|
|data_out1_ce0       |  out|    1|   ap_memory|        data_out1|         array|
|data_out1_we0       |  out|    1|   ap_memory|        data_out1|         array|
|data_out1_d0        |  out|   32|   ap_memory|        data_out1|         array|
+--------------------+-----+-----+------------+-----------------+--------------+

